I'm sorry, but errors were detected in your script. Please correct the
errors listed below, and try again.


File "game/script.rpy", line 264: end of line expected.
    jump first_date:
                   ^

Ren'Py Version: Ren'Py 8.1.3.23091805
Wed Oct 25 15:36:49 2023
